// Jest Snapshot v1, https://goo.gl/fbAQLP

exports[`Snapping should render a single snap line correctly when set 1`] = `
<line
  key="0"
  x1={0}
  x2={100}
  y1={100}
  y2={100}
/>
`;
